// Jest Snapshot v1, https://goo.gl/fbAQLP

exports[`Forum component get ForumChat on ForumTopicItem click 1`] = `
<section
  class="css-jgqqyw"
  role="forumChat"
>
  <div
    class="css-z3wvmw"
  >
    <button
      class="css-1kykoac"
      type="button"
    />
    <div
      class="css-14zx4vh"
    >
      <img
        class="css-e1msmy"
        src="https://images.unsplash.com/photo-1517423568366-8b83523034fd?ixlib=rb-1.2.1&ixid=MnwxMjA3fDB8MHxwaG90by1wYWdlfHx8fGVufDB8fHx8&auto=format&fit=crop&w=435&q=80"
      />
      <h3
        class="css-b03ueb"
      >
        Elena List
      </h3>
    </div>
    <button
      class="css-143ihu4"
    >
      delete chat
    </button>
  </div>
  <ul
    class="css-1rl014u"
  >
    <li
      class="css-1dyawmy"
    >
      fsdfsgsff
    </li>
    <li
      class="css-1dyawmy"
    >
      fsdfsgsff
    </li>
    <li
      class="css-1dyawmy"
    >
      fsdfs sgdf Sed ut perspiciatis unde omnis iste  cdfbd dfgd dfgdgsff
    </li>
    <li
      class="css-1dyawmy"
    >
      fsdfsg dfgd dsgd drgdesff
    </li>
    <li
      class="css-1dyawmy"
    >
      fsd dfgdb fsgsff
    </li>
    <li
      class="css-or1jv2"
    >
      fsdfvcbdgfhdbg sgsff
    </li>
    <li
      class="css-1dyawmy"
    >
      fsdfcdfgdfgb   cfbdfgbdfbd cghfbfsgsff
    </li>
    <li
      class="css-or1jv2"
    >
      fsdfvcbdgfhdbg sgsff
    </li>
    <li
      class="css-1dyawmy"
    >
      fsdfsgsff
    </li>
    <li
      class="css-1dyawmy"
    >
      fsdfsgsff
    </li>
    <li
      class="css-1dyawmy"
    >
      fsdfs sgdf Sed ut perspiciatis unde omnis iste  cdfbd dfgd dfgdgsff
    </li>
    <li
      class="css-1dyawmy"
    >
      fsdfsg dfgd dsgd drgdesff
    </li>
    <li
      class="css-1dyawmy"
    >
      fsd dfgdb fsgsff
    </li>
    <li
      class="css-or1jv2"
    >
      fsdfvcbdgfhdbg sgsff
    </li>
    <li
      class="css-1dyawmy"
    >
      fsdfcdfgdfgb   cfbdfgbdfbd cghfbfsgsff
    </li>
    <li
      class="css-or1jv2"
    >
      fsdfvcbdgfhdbg sgsff
    </li>
  </ul>
  <form
    class="css-2uruz5"
  >
    <input
      autocomplete="off"
      class="css-1rzlyxe"
      name="message"
      placeholder="Write a message..."
      type="text"
    />
    <button
      class="css-ycf2bp"
      type="submit"
    />
  </form>
</section>
`;

exports[`Forum component render Forum 1`] = `
<DocumentFragment>
  <section
    class="css-s867uj"
  >
    <div
      class="css-1bok71w"
    >
      <article
        class="css-1lq786t"
        role="topic"
      >
        <img
          alt="topic img"
          class="css-1ibtaqc"
          src="https://images.unsplash.com/photo-1517423568366-8b83523034fd?ixlib=rb-1.2.1&ixid=MnwxMjA3fDB8MHxwaG90by1wYWdlfHx8fGVufDB8fHx8&auto=format&fit=crop&w=435&q=80"
        />
        <div
          class="css-1635o7l"
        >
          <h3
            class="css-f915ow"
          >
            Elena List
          </h3>
          <p
            class="css-1e7sxse"
          >
            Sed ut perspics wtrwer fwrtrgtwrtw rtwrwriat iSedSed ut perspicswtrwerfwrtrgtwrtwrtwrwriatis unde omnis isteSed ut perspicswtrwerfwrtrgtwrtwrtwrwriatis unde omnis iste ut perspicswtrwerfwrtrgtwrtwrtwrwriatis unde omnis istes unde omnis iste
          </p>
        </div>
        <div
          class="css-pntszt"
        >
          <time
            class="css-6zolz9"
          >
            12:00
          </time>
          <p
            class="css-uponyz"
          >
            10009
          </p>
        </div>
      </article>
      <article
        class="css-1lq786t"
        role="topic"
      >
        <img
          alt="topic img"
          class="css-1ibtaqc"
          src="https://images.unsplash.com/photo-1517423568366-8b83523034fd?ixlib=rb-1.2.1&ixid=MnwxMjA3fDB8MHxwaG90by1wYWdlfHx8fGVufDB8fHx8&auto=format&fit=crop&w=435&q=80"
        />
        <div
          class="css-1635o7l"
        >
          <h3
            class="css-f915ow"
          >
            Elena List
          </h3>
          <p
            class="css-1e7sxse"
          >
            Sed ut perspiciatis unde omnis iste twrwriat iSedSed .
          </p>
        </div>
        <div
          class="css-pntszt"
        >
          <time
            class="css-6zolz9"
          >
            12:00
          </time>
          <p
            class="css-uponyz"
          >
            10009
          </p>
        </div>
      </article>
      <article
        class="css-1lq786t"
        role="topic"
      >
        <img
          alt="topic img"
          class="css-1ibtaqc"
          src="https://images.unsplash.com/photo-1517423568366-8b83523034fd?ixlib=rb-1.2.1&ixid=MnwxMjA3fDB8MHxwaG90by1wYWdlfHx8fGVufDB8fHx8&auto=format&fit=crop&w=435&q=80"
        />
        <div
          class="css-1635o7l"
        >
          <h3
            class="css-f915ow"
          >
            Elena List
          </h3>
          <p
            class="css-1e7sxse"
          >
            Sed ut perspiciatis unde omnis iste. twrwriat iSedSed ..
          </p>
        </div>
        <div
          class="css-pntszt"
        >
          <time
            class="css-6zolz9"
          >
            12:00
          </time>
          <p
            class="css-uponyz"
          >
            10009
          </p>
        </div>
      </article>
      <article
        class="css-1lq786t"
        role="topic"
      >
        <img
          alt="topic img"
          class="css-1ibtaqc"
          src="https://images.unsplash.com/photo-1517423568366-8b83523034fd?ixlib=rb-1.2.1&ixid=MnwxMjA3fDB8MHxwaG90by1wYWdlfHx8fGVufDB8fHx8&auto=format&fit=crop&w=435&q=80"
        />
        <div
          class="css-1635o7l"
        >
          <h3
            class="css-f915ow"
          >
            Elena List
          </h3>
          <p
            class="css-1e7sxse"
          >
            Sed ut perspiciatis unde omnis iste.twrwriat iSedSed ..
          </p>
        </div>
        <div
          class="css-pntszt"
        >
          <time
            class="css-6zolz9"
          >
            12:00
          </time>
          <p
            class="css-uponyz"
          >
            10009
          </p>
        </div>
      </article>
      <article
        class="css-1lq786t"
        role="topic"
      >
        <img
          alt="topic img"
          class="css-1ibtaqc"
          src="https://images.unsplash.com/photo-1517423568366-8b83523034fd?ixlib=rb-1.2.1&ixid=MnwxMjA3fDB8MHxwaG90by1wYWdlfHx8fGVufDB8fHx8&auto=format&fit=crop&w=435&q=80"
        />
        <div
          class="css-1635o7l"
        >
          <h3
            class="css-f915ow"
          >
            Elena List
          </h3>
          <p
            class="css-1e7sxse"
          >
            Sed ut perspiciatis unde omnis iste... twrwriat iSedSed 
          </p>
        </div>
        <div
          class="css-pntszt"
        >
          <time
            class="css-6zolz9"
          >
            12:00
          </time>
          <p
            class="css-uponyz"
          >
            10009
          </p>
        </div>
      </article>
      <article
        class="css-1lq786t"
        role="topic"
      >
        <img
          alt="topic img"
          class="css-1ibtaqc"
          src="https://images.unsplash.com/photo-1517423568366-8b83523034fd?ixlib=rb-1.2.1&ixid=MnwxMjA3fDB8MHxwaG90by1wYWdlfHx8fGVufDB8fHx8&auto=format&fit=crop&w=435&q=80"
        />
        <div
          class="css-1635o7l"
        >
          <h3
            class="css-f915ow"
          >
            Elena List
          </h3>
          <p
            class="css-1e7sxse"
          >
            Sed ut perspiciatis unde omnis iste twrwriat iSedSed ...
          </p>
        </div>
        <div
          class="css-pntszt"
        >
          <time
            class="css-6zolz9"
          >
            12:00
          </time>
          <p
            class="css-uponyz"
          >
            10009
          </p>
        </div>
      </article>
      <article
        class="css-1lq786t"
        role="topic"
      >
        <img
          alt="topic img"
          class="css-1ibtaqc"
          src="https://images.unsplash.com/photo-1517423568366-8b83523034fd?ixlib=rb-1.2.1&ixid=MnwxMjA3fDB8MHxwaG90by1wYWdlfHx8fGVufDB8fHx8&auto=format&fit=crop&w=435&q=80"
        />
        <div
          class="css-1635o7l"
        >
          <h3
            class="css-f915ow"
          >
            Elena List
          </h3>
          <p
            class="css-1e7sxse"
          >
            Sed ut perspiciatis unde omnis istetwrwriat iSedSed 
          </p>
        </div>
        <div
          class="css-pntszt"
        >
          <time
            class="css-6zolz9"
          >
            12:00
          </time>
          <p
            class="css-uponyz"
          >
            10009
          </p>
        </div>
      </article>
      <article
        class="css-1lq786t"
        role="topic"
      >
        <img
          alt="topic img"
          class="css-1ibtaqc"
          src="https://images.unsplash.com/photo-1517423568366-8b83523034fd?ixlib=rb-1.2.1&ixid=MnwxMjA3fDB8MHxwaG90by1wYWdlfHx8fGVufDB8fHx8&auto=format&fit=crop&w=435&q=80"
        />
        <div
          class="css-1635o7l"
        >
          <h3
            class="css-f915ow"
          >
            Elena List
          </h3>
          <p
            class="css-1e7sxse"
          >
            Sed ut perspiciatis unde omnis istetwrwriat iSedSed 
          </p>
        </div>
        <div
          class="css-pntszt"
        >
          <time
            class="css-6zolz9"
          >
            12:00
          </time>
          <p
            class="css-uponyz"
          >
            10009
          </p>
        </div>
      </article>
      <article
        class="css-1lq786t"
        role="topic"
      >
        <img
          alt="topic img"
          class="css-1ibtaqc"
          src="https://images.unsplash.com/photo-1517423568366-8b83523034fd?ixlib=rb-1.2.1&ixid=MnwxMjA3fDB8MHxwaG90by1wYWdlfHx8fGVufDB8fHx8&auto=format&fit=crop&w=435&q=80"
        />
        <div
          class="css-1635o7l"
        >
          <h3
            class="css-f915ow"
          >
            Elena List
          </h3>
          <p
            class="css-1e7sxse"
          >
            Sed ut perspiciatis unde omnis istetwrwriat iSedSed 
          </p>
        </div>
        <div
          class="css-pntszt"
        >
          <time
            class="css-6zolz9"
          >
            12:00
          </time>
          <p
            class="css-uponyz"
          >
            10009
          </p>
        </div>
      </article>
      <article
        class="css-1lq786t"
        role="topic"
      >
        <img
          alt="topic img"
          class="css-1ibtaqc"
          src="https://images.unsplash.com/photo-1517423568366-8b83523034fd?ixlib=rb-1.2.1&ixid=MnwxMjA3fDB8MHxwaG90by1wYWdlfHx8fGVufDB8fHx8&auto=format&fit=crop&w=435&q=80"
        />
        <div
          class="css-1635o7l"
        >
          <h3
            class="css-f915ow"
          >
            Elena List
          </h3>
          <p
            class="css-1e7sxse"
          >
            Sed ut perspiciatis unde omnis istetwrwriat iSedSed 
          </p>
        </div>
        <div
          class="css-pntszt"
        >
          <time
            class="css-6zolz9"
          >
            12:00
          </time>
          <p
            class="css-uponyz"
          >
            10009
          </p>
        </div>
      </article>
      <article
        class="css-1lq786t"
        role="topic"
      >
        <img
          alt="topic img"
          class="css-1ibtaqc"
          src="https://images.unsplash.com/photo-1517423568366-8b83523034fd?ixlib=rb-1.2.1&ixid=MnwxMjA3fDB8MHxwaG90by1wYWdlfHx8fGVufDB8fHx8&auto=format&fit=crop&w=435&q=80"
        />
        <div
          class="css-1635o7l"
        >
          <h3
            class="css-f915ow"
          >
            Elena List
          </h3>
          <p
            class="css-1e7sxse"
          >
            Sed ut perspiciatis unde omnis iste 
          </p>
        </div>
        <div
          class="css-pntszt"
        >
          <time
            class="css-6zolz9"
          >
            12:00
          </time>
          <p
            class="css-uponyz"
          >
            10009
          </p>
        </div>
      </article>
    </div>
  </section>
</DocumentFragment>
`;
